C1 = {1, 2, 3, 5, 7, 8, 10, 11, 12, 14}
C2 = {0, 1, 5, 7, 9, 12}
C3 = {5, 10, 11, 12, 14}
C4 = {0, 4, 5, 7, 9, 11, 13}
C5 = {0, 1, 5, 7, 10, 12, 14}
C6 = {1, 2, 3, 7, 8, 10, 11, 13}
C7 = {1, 5, 7, 12}
C7 = {0, 1, 2, 3, 5, 7, 8, 9, 10, 11, 12, 13}
C7 = {1, 2, 3, 5, 7, 8, 10, 11, 12, 13, 14}
C7 = {0, 1, 2, 3, 5, 7, 8, 10, 11, 12, 13, 14}
C7 = {5, 12}
C7 = {1, 7, 10}
C7 = {5, 10, 11, 12, 14}
C7 = {1, 2, 3, 7, 8, 10, 11}
C7 = {0, 5, 12, 14}
C7 = {0, 1, 4, 5, 7, 9, 11, 12, 13}
C7 = {0, 4, 5, 7, 9, 11, 13}
C7 = {1, 10, 12, 14}
C7 = {5, 12, 14}
C7 = {0, 1, 2, 3, 5, 7, 8, 10, 11, 12, 13, 14}
C7 = {0, 1, 2, 3, 5, 7, 8, 9, 10, 11, 12, 14}
C7 = {0, 4, 9, 13}
C7 = {}
C7 = {1, 2, 3, 5, 7, 8, 10, 11, 12, 14}
C7 = {5, 12}
C7 = {0, 1, 4, 5, 7, 9, 11, 12, 13}
C1 = {1, 2, 3, 5, 7, 8, 10, 11, 12, 14}
C2 = {0, 1, 5, 7, 9}
C3 = {10, 11, 12}
C4 = {0, 4, 5, 7, 9}
C5 = {0, 1, 5, 10, 12, 14}
C6 = {1, 3, 7, 8, 10, 11, 13}
