C1 = {1, 2, 3, 6, 7, 8, 9, 11, 14, 15, 16, 17, 21, 25, 27, 29}
C2 = {4, 5, 10, 16, 24}
C3 = {0, 2, 4, 5, 6, 8, 14, 16, 17, 18, 23, 24, 27, 29}
C4 = {0, 4, 7, 8, 10, 14, 17, 18, 20, 21, 23, 24, 26, 28}
C5 = {0, 1, 2, 3, 6, 8, 9, 10, 12, 13, 14, 16, 17, 18, 20, 22, 23, 24, 25, 26}
C6 = {2, 3, 5, 6, 9, 10, 11, 12, 15, 17, 18, 19, 20, 21, 22, 25, 26, 27}
C7 = {0, 1, 3, 4, 8, 10, 12, 15, 16, 17, 19, 22}
C8 = {0, 1, 6, 9, 10, 14, 16, 17, 22, 24, 25, 27}
C9 = {2, 6, 9, 10, 12, 14, 15, 17, 18, 19, 22, 24, 26}
C10 = {0, 1, 2, 3, 5, 6, 7, 9, 14, 15, 18, 19, 20, 21, 24, 28}
C11 = {0, 2, 4, 5, 6, 8, 10, 14, 16, 17, 18, 23, 24, 27, 29}
C11 = {10, 16, 17, 22, 25, 27}
C11 = {4, 7, 21, 28}
C11 = {2, 6, 9, 10, 12, 14, 15, 17, 18, 19, 22, 24, 26}
C11 = {0, 1, 2, 3, 6, 7, 8, 9, 10, 11, 14, 15, 16, 17, 21, 22, 24, 25, 27, 29}
C11 = {0, 4, 5, 18, 23, 24}
C11 = {4, 5, 10, 16, 24}
C11 = {5, 24}
C11 = {0, 1, 3, 4, 5, 8, 10, 12, 15, 16, 17, 19, 22, 24}
C11 = {6, 9, 10, 14, 17, 22, 24}
C11 = {0, 4, 5, 8, 16, 23, 27, 29}
C11 = {1, 3, 7, 9, 11, 15, 21, 25}
C11 = {0, 1, 2, 3, 5, 6, 7, 9, 14, 15, 18, 19, 20, 21, 24, 28}
C11 = {7, 8, 14, 17, 21}
C11 = {1, 2, 3, 6, 9, 11, 15, 16, 25, 27, 29}
C11 = {0, 4, 7, 8, 20, 21, 23, 28}
C11 = {0, 4, 7, 8, 10, 14, 17, 18, 20, 21, 23, 24, 26, 28}
C11 = {6, 9, 10, 17, 22, 25, 27}
C11 = {1, 2, 3, 4, 5, 6, 7, 8, 9, 10, 11, 14, 15, 16, 17, 21, 24, 25, 27, 29}
C11 = {0, 1, 4, 6, 7, 8, 9, 10, 14, 16, 17, 18, 20, 21, 22, 23, 24, 25, 26, 27, 28}
C11 = {0, 4, 7, 8, 14, 23, 24, 28}
C11 = {0, 1, 2, 3, 6, 8, 9, 10, 12, 13, 14, 15, 16, 17, 18, 19, 20, 22, 23, 24, 25, 26}
C11 = {2, 3, 5, 6, 9, 11, 12, 15, 19, 22, 25, 27}
C11 = {2, 6, 9, 10, 12, 14, 17, 18, 22, 24, 26}
C11 = {4, 10, 24}
C11 = {0, 1, 2, 3, 6, 7, 8, 9, 10, 11, 12, 13, 14, 15, 16, 17, 18, 20, 21, 22, 23, 24, 25, 26, 27, 29}
C11 = {2, 3, 6, 9, 11, 15, 17, 21, 25, 27}
C11 = {4, 5, 27, 29}
C11 = {0, 1, 2, 3, 4, 6, 7, 8, 9, 10, 11, 14, 15, 16, 17, 18, 20, 21, 23, 24, 25, 26, 27, 28, 29}
C11 = {3, 10, 12, 15, 17, 19, 22}
C11 = {0, 4, 8, 14, 17, 18, 23, 24}
C11 = {0, 1, 3, 8, 13, 16, 20, 23, 25}
C11 = {0, 1, 10, 16, 17, 22}
C11 = {2, 3, 7, 8, 11, 15, 21, 29}
C11 = {0, 1, 2, 6, 9, 10, 12, 14, 15, 16, 17, 18, 19, 22, 24, 25, 26, 27}
C11 = {0, 4, 5, 8, 16, 23, 27, 29}
C11 = {0, 1, 2, 3, 5, 6, 9, 10, 11, 12, 14, 15, 16, 17, 18, 19, 20, 21, 22, 24, 25, 26, 27}
C11 = {10, 14, 17, 18, 24, 26}
C11 = {0, 1, 2, 3, 4, 5, 6, 8, 9, 10, 12, 13, 14, 16, 17, 18, 20, 22, 23, 24, 25, 26}
C11 = {0, 1, 2, 3, 6, 8, 9, 10, 12, 13, 14, 16, 17, 18, 20, 22, 23, 24, 25, 26}
C11 = {0, 1, 2, 3, 5, 6, 9, 10, 11, 12, 14, 15, 16, 17, 18, 19, 20, 21, 22, 24, 25, 26, 27}
C11 = {4, 5, 10, 16, 24}
C11 = {2, 6, 9, 12, 14, 15, 17, 18, 19, 22, 26}
C11 = {0, 1, 3, 4, 8, 10, 12, 15, 16, 17, 19, 22}
C11 = {2, 3, 5, 6, 9, 11, 12, 15, 19, 22, 25, 27}
C11 = {0, 1, 2, 3, 5, 6, 7, 9, 10, 14, 15, 16, 17, 18, 19, 20, 21, 22, 24, 25, 27, 28}
C11 = {1, 3, 7, 8, 11, 16, 21, 25, 27, 29}
C11 = {0, 1, 3, 4, 5, 8, 10, 12, 15, 16, 17, 19, 22, 24}
C11 = {10, 12, 18, 19, 22, 24, 26}
C11 = {0, 1, 3, 4, 7, 8, 10, 12, 14, 15, 16, 17, 18, 19, 20, 21, 22, 23, 24, 26, 28}
C1 = {1, 2, 3, 6, 7, 8, 9, 11, 14, 15, 16, 17, 21, 25, 27, 29}
C2 = {4, 5, 10, 16, 24}
C3 = {0, 2, 4, 6, 14, 16, 17, 18, 23, 24, 27, 29}
C4 = {0, 8, 10, 14, 17, 18, 20, 21, 23, 26}
C5 = {0, 1, 2, 3, 6, 8, 9, 10, 12, 13, 14, 16, 17, 18, 20, 22, 23, 24, 25, 26}
C6 = {2, 3, 5, 6, 9, 10, 11, 12, 15, 17, 18, 19, 20, 21, 22, 25, 26, 27}
C7 = {0, 1, 3, 4, 8, 10, 12, 15, 16, 17, 19, 22}
C8 = {0, 1, 6, 9, 10, 14, 16, 17, 24, 25, 27}
C9 = {2, 6, 9, 12, 14, 15, 17, 18, 19, 22, 24}
C10 = {0, 1, 2, 3, 5, 6, 7, 14, 18, 19, 20, 21, 24, 28}
